1 987 rank 23: 6 rank 86: 11 1 3 4 8 12 19 23 28 34 46 79 86 234 987 range 23, 86: 6 23 28 34 46 79 86 1 3 4 8 12 19 28 34 46 79 86 234 987 3 4 8 12 19 28 34 46 79 86 234 987 3 4 8 12 19 28 34 46 79 86 234 